// Jest Snapshot v1, https://goo.gl/fbAQLP

exports[`Common components <Button /> renders correctly 1`] = `
<View
  accessibilityComponentType={undefined}
  accessibilityLabel={undefined}
  accessibilityTraits={undefined}
  accessible={true}
  hitSlop={undefined}
  isTVSelectable={true}
  onLayout={undefined}
  onResponderGrant={[Function]}
  onResponderMove={[Function]}
  onResponderRelease={[Function]}
  onResponderTerminate={[Function]}
  onResponderTerminationRequest={[Function]}
  onStartShouldSetResponder={[Function]}
  style={
    Object {
      "alignSelf": "stretch",
      "backgroundColor": "#fff",
      "borderColor": "#007aff",
      "borderRadius": 5,
      "borderWidth": 1,
      "flex": 1,
      "marginLeft": 5,
      "marginRight": 5,
      "opacity": 1,
    }
  }
  testID={undefined}
  tvParallaxProperties={undefined}
>
  <Text
    accessible={true}
    allowFontScaling={true}
    ellipsizeMode="tail"
    style={
      Object {
        "alignSelf": "center",
        "color": "#007aff",
        "fontSize": 16,
        "fontWeight": "600",
        "paddingBottom": 10,
        "paddingTop": 10,
      }
    }
  />
</View>
`;

exports[`Common components <Card /> renders correctly 1`] = `
<View
  style={
    Object {
      "borderBottomWidth": 0,
      "borderColor": "#ddd",
      "borderRadius": 2,
      "borderWidth": 1,
      "elevation": 1,
      "marginLeft": 5,
      "marginRight": 5,
      "marginTop": 10,
      "shadowColor": "#000",
      "shadowOffset": Object {
        "height": 2,
        "width": 0,
      },
      "shadowOpacity": 0.1,
      "shadowRadius": 2,
    }
  }
/>
`;

exports[`Common components <CardSection /> renders correctly 1`] = `
<View
  style={
    Array [
      Object {
        "backgroundColor": "#fff",
        "borderBottomWidth": 1,
        "flexDirection": "row",
        "justifyContent": "flex-start",
        "padding": 5,
        "position": "relative",
      },
      undefined,
    ]
  }
/>
`;

exports[`Common components <Header /> renders correctly 1`] = `
<View
  style={
    Object {
      "alignItems": "center",
      "backgroundColor": "#F8F8F8",
      "elevation": 2,
      "height": 60,
      "justifyContent": "center",
      "paddingTop": 15,
      "position": "relative",
      "shadowColor": "#000",
      "shadowOffset": Object {
        "height": 30,
        "width": 10,
      },
      "shadowOpacity": 0.2,
    }
  }
>
  <Text
    accessible={true}
    allowFontScaling={true}
    ellipsizeMode="tail"
    style={
      Object {
        "fontSize": 20,
      }
    }
  >
     
  </Text>
</View>
`;

exports[`Common components <Input /> renders correctly 1`] = `
<View
  style={
    Object {
      "alignItems": "center",
      "flex": 1,
      "flexDirection": "row",
      "height": 40,
    }
  }
>
  <Text
    accessible={true}
    allowFontScaling={true}
    ellipsizeMode="tail"
    style={
      Object {
        "flex": 1,
        "fontSize": 18,
        "paddingLeft": 20,
      }
    }
  />
  <TextInput
    autoCorrect={false}
    onChangeText={undefined}
    placeholder={undefined}
    secureTextEntry={undefined}
    style={
      Object {
        "color": "#000",
        "flex": 2,
        "fontSize": 18,
        "height": 40,
        "lineHeight": 23,
        "paddingLeft": 5,
        "paddingRight": 5,
        "width": 100,
      }
    }
    value={undefined}
  />
</View>
`;

exports[`Common components <Spinner /> renders correctly 1`] = `
<View
  style={
    Object {
      "alignSelf": "center",
      "flex": 1,
      "justifyContent": "center",
    }
  }
>
  <ActivityIndicator
    animating={true}
    color="#999999"
    hidesWhenStopped={true}
    size="large"
  />
</View>
`;
