// Jest Snapshot v1, https://goo.gl/fbAQLP

exports[`Result Form 1`] = `
<RCTScrollView>
  <View>
    <View
      style={
        Object {
          "borderBottomWidth": 0,
          "borderColor": "#ddd",
          "borderRadius": 2,
          "borderWidth": 1,
          "elevation": 1,
          "marginLeft": 5,
          "marginRight": 5,
          "marginTop": 10,
          "shadowColor": "#000",
          "shadowOffset": Object {
            "height": 2,
            "width": 0,
          },
          "shadowOpacity": 0.1,
          "shadowRadius": 2,
        }
      }
    >
      <View
        style={
          Array [
            Object {
              "backgroundColor": "#fff",
              "borderBottomWidth": 1,
              "flexDirection": "row",
              "justifyContent": "flex-start",
              "padding": 5,
              "position": "relative",
            },
            undefined,
          ]
        }
      />
      <View
        style={
          Array [
            Object {
              "backgroundColor": "#fff",
              "borderBottomWidth": 1,
              "flexDirection": "row",
              "justifyContent": "flex-start",
              "padding": 5,
              "position": "relative",
            },
            Object {
              "alignItems": "center",
              "flex": 1,
              "flexDirection": "column",
              "justifyContent": "center",
            },
          ]
        }
      >
        <View
          style={
            Object {
              "alignSelf": "center",
              "flex": 1,
              "justifyContent": "center",
            }
          }
        >
          <ActivityIndicator
            animating={true}
            color="#999999"
            hidesWhenStopped={true}
            size="large"
          />
        </View>
      </View>
    </View>
  </View>
</RCTScrollView>
`;
